[    0.000000] Initializing cgroup subsys cpuset
[    0.000000] Initializing cgroup subsys cpu
[    0.000000] Initializing cgroup subsys cpuacct
[    0.000000] Linux version 4.4.0-193-generic (buildd@lgw01-amd64-024) (gcc version 5.4.0 20160609 (Ubuntu 5.4.0-6ubuntu1~16.04.12) ) #224-Ubuntu SMP Tue Oct 6 17:15:28 UTC 2020 (Ubuntu 4.4.0-193.224-generic 4.4.236)
[    0.000000] Command line: BOOT_IMAGE=/boot/vmlinuz-4.4.0-193-generic root=LABEL=cloudimg-rootfs ro console=tty1 console=ttyS0
[    0.000000] KERNEL supported cpus:
[    0.000000]   Intel GenuineIntel
[    0.000000]   AMD AuthenticAMD
[    0.000000]   Centaur CentaurHauls
[    0.000000] x86/fpu: xstate_offset[2]:  576, xstate_sizes[2]:  256
[    0.000000] x86/fpu: Supporting XSAVE feature 0x01: 'x87 floating point registers'
[    0.000000] x86/fpu: Supporting XSAVE feature 0x02: 'SSE registers'
[    0.000000] x86/fpu: Supporting XSAVE feature 0x04: 'AVX registers'
[    0.000000] x86/fpu: Enabled xstate features 0x7, context size is 832 bytes, using 'standard' format.
[    0.000000] e820: BIOS-provided physical RAM map:
[    0.000000] BIOS-e820: [mem 0x0000000000000000-0x000000000009fbff] usable
[    0.000000] BIOS-e820: [mem 0x000000000009fc00-0x000000000009ffff] reserved
[    0.000000] BIOS-e820: [mem 0x00000000000f0000-0x00000000000fffff] reserved
[    0.000000] BIOS-e820: [mem 0x0000000000100000-0x000000003ffeffff] usable
[    0.000000] BIOS-e820: [mem 0x000000003fff0000-0x000000003fffffff] ACPI data
[    0.000000] BIOS-e820: [mem 0x00000000fec00000-0x00000000fec00fff] reserved
[    0.000000] BIOS-e820: [mem 0x00000000fee00000-0x00000000fee00fff] reserved
[    0.000000] BIOS-e820: [mem 0x00000000fffc0000-0x00000000ffffffff] reserved
[    0.000000] NX (Execute Disable) protection: active
[    0.000000] SMBIOS 2.5 present.
[    0.000000] Hypervisor detected: KVM
[    0.000000] e820: last_pfn = 0x3fff0 max_arch_pfn = 0x400000000
[    0.000000] MTRR: Disabled
[    0.000000] x86/PAT: MTRRs disabled, skipping PAT initialization too.
[    0.000000] CPU MTRRs all blank - virtualized system.
[    0.000000] x86/PAT: Configuration [0-7]: WB  WT  UC- UC  WB  WT  UC- UC  
[    0.000000] found SMP MP-table at [mem 0x0009fff0-0x0009ffff] mapped at [ffff88000009fff0]
[    0.000000] Scanning 1 areas for low memory corruption
[    0.000000] RAMDISK: [mem 0x362de000-0x37166fff]
[    0.000000] ACPI: Early table checksum verification disabled
[    0.000000] ACPI: RSDP 0x00000000000E0000 000024 (v02 VBOX  )
[    0.000000] ACPI: XSDT 0x000000003FFF0030 00003C (v01 VBOX   VBOXXSDT 00000001 ASL  00000061)
[    0.000000] ACPI: FACP 0x000000003FFF00F0 0000F4 (v04 VBOX   VBOXFACP 00000001 ASL  00000061)
[    0.000000] ACPI: DSDT 0x000000003FFF0470 002325 (v02 VBOX   VBOXBIOS 00000002 INTL 20190509)
[    0.000000] ACPI: FACS 0x000000003FFF0200 000040
[    0.000000] ACPI: FACS 0x000000003FFF0200 000040
[    0.000000] ACPI: APIC 0x000000003FFF0240 00005C (v02 VBOX   VBOXAPIC 00000001 ASL  00000061)
[    0.000000] ACPI: SSDT 0x000000003FFF02A0 0001CC (v01 VBOX   VBOXCPUT 00000002 INTL 20190509)
[    0.000000] No NUMA configuration found
[    0.000000] Faking a node at [mem 0x0000000000000000-0x000000003ffeffff]
[    0.000000] NODE_DATA(0) allocated [mem 0x3ffeb000-0x3ffeffff]
[    0.000000] kvm-clock: Using msrs 4b564d01 and 4b564d00
[    0.000000] kvm-clock: cpu 0, msr 0:3ffe3001, primary cpu clock
[    0.000000] kvm-clock: using sched offset of 3038927885 cycles
[    0.000000] clocksource: kvm-clock: mask: 0xffffffffffffffff max_cycles: 0x1cd42e4dffb, max_idle_ns: 881590591483 ns
[    0.000000] Zone ranges:
[    0.000000]   DMA      [mem 0x0000000000001000-0x0000000000ffffff]
[    0.000000]   DMA32    [mem 0x0000000001000000-0x000000003ffeffff]
[    0.000000]   Normal   empty
[    0.000000]   Device   empty
[    0.000000] Movable zone start for each node
[    0.000000] Early memory node ranges
[    0.000000]   node   0: [mem 0x0000000000001000-0x000000000009efff]
[    0.000000]   node   0: [mem 0x0000000000100000-0x000000003ffeffff]
[    0.000000] Initmem setup node 0 [mem 0x0000000000001000-0x000000003ffeffff]
[    0.000000] ACPI: PM-Timer IO Port: 0x4008
[    0.000000] IOAPIC[0]: apic_id 2, version 32, address 0xfec00000, GSI 0-23
[    0.000000] ACPI: INT_SRC_OVR (bus 0 bus_irq 0 global_irq 2 dfl dfl)
[    0.000000] ACPI: INT_SRC_OVR (bus 0 bus_irq 9 global_irq 9 low level)
[    0.000000] Using ACPI (MADT) for SMP configuration information
[    0.000000] smpboot: Allowing 2 CPUs, 0 hotplug CPUs
[    0.000000] PM: Registered nosave memory: [mem 0x00000000-0x00000fff]
[    0.000000] PM: Registered nosave memory: [mem 0x0009f000-0x0009ffff]
[    0.000000] PM: Registered nosave memory: [mem 0x000a0000-0x000effff]
[    0.000000] PM: Registered nosave memory: [mem 0x000f0000-0x000fffff]
[    0.000000] e820: [mem 0x40000000-0xfebfffff] available for PCI devices
[    0.000000] Booting paravirtualized kernel on KVM
[    0.000000] clocksource: refined-jiffies: mask: 0xffffffff max_cycles: 0xffffffff, max_idle_ns: 7645519600211568 ns
[    0.000000] setup_percpu: NR_CPUS:512 nr_cpumask_bits:512 nr_cpu_ids:2 nr_node_ids:1
[    0.000000] PERCPU: Embedded 33 pages/cpu @ffff88003fc00000 s95512 r8192 d31464 u1048576
[    0.000000] Built 1 zonelists in Node order, mobility grouping on.  Total pages: 257912
[    0.000000] Policy zone: DMA32
[    0.000000] Kernel command line: BOOT_IMAGE=/boot/vmlinuz-4.4.0-193-generic root=LABEL=cloudimg-rootfs ro console=tty1 console=ttyS0
[    0.000000] PID hash table entries: 4096 (order: 3, 32768 bytes)
[    0.000000] Memory: 997660K/1048120K available (8640K kernel code, 1337K rwdata, 4040K rodata, 1492K init, 1296K bss, 50460K reserved, 0K cma-reserved)
[    0.000000] SLUB: HWalign=64, Order=0-3, MinObjects=0, CPUs=2, Nodes=1
[    0.000000] Kernel/User page tables isolation: enabled
[    0.000000] Hierarchical RCU implementation.
[    0.000000] 	Build-time adjustment of leaf fanout to 64.
[    0.000000] 	RCU restricting CPUs from NR_CPUS=512 to nr_cpu_ids=2.
[    0.000000] RCU: Adjusting geometry for rcu_fanout_leaf=64, nr_cpu_ids=2
[    0.000000] NR_IRQS:33024 nr_irqs:440 16
[    0.000000] Console: colour VGA+ 80x25
[    0.000000] console [tty1] enabled
[    0.000000] console [ttyS0] enabled
[    0.000000] tsc: Detected 2903.992 MHz processor
[    0.087348] Calibrating delay loop (skipped) preset value.. 5807.98 BogoMIPS (lpj=11615968)
[    0.088488] pid_max: default: 32768 minimum: 301
[    0.089095] ACPI: Core revision 20150930
[    0.090282] ACPI: 2 ACPI AML tables successfully acquired and loaded
[    0.091181] Security Framework initialized
[    0.091755] Yama: becoming mindful.
[    0.092282] AppArmor: AppArmor initialized
[    0.092898] Dentry cache hash table entries: 131072 (order: 8, 1048576 bytes)
[    0.094212] Inode-cache hash table entries: 65536 (order: 7, 524288 bytes)
[    0.095099] Mount-cache hash table entries: 2048 (order: 2, 16384 bytes)
[    0.095874] Mountpoint-cache hash table entries: 2048 (order: 2, 16384 bytes)
[    0.096806] Initializing cgroup subsys io
[    0.097369] Initializing cgroup subsys memory
[    0.097952] Initializing cgroup subsys devices
[    0.098549] Initializing cgroup subsys freezer
[    0.099139] Initializing cgroup subsys net_cls
[    0.099708] Initializing cgroup subsys perf_event
[    0.100328] Initializing cgroup subsys net_prio
[    0.100938] Initializing cgroup subsys hugetlb
[    0.101540] Initializing cgroup subsys pids
[    0.112713] mce: CPU supports 0 MCE banks
[    0.113300] Last level iTLB entries: 4KB 128, 2MB 8, 4MB 8
[    0.113992] Last level dTLB entries: 4KB 64, 2MB 0, 4MB 0, 1GB 4
[    0.114730] Spectre V1 : Mitigation: usercopy/swapgs barriers and __user pointer sanitization
[    0.115822] Spectre V2 : Mitigation: Full generic retpoline
[    0.116492] Spectre V2 : Spectre v2 / SpectreRSB mitigation: Filling RSB on context switch
[    0.117537] Speculative Store Bypass: Vulnerable
[    0.118150] SRBDS: Unknown: Dependent on hypervisor status
[    0.118905] MDS: Mitigation: Clear CPU buffers
[    0.121496] Freeing SMP alternatives memory: 36K
[    0.126556] ftrace: allocating 32346 entries in 127 pages
[    0.170804] smpboot: APIC(0) Converting physical 0 to logical package 0
[    0.171674] smpboot: Max logical packages: 1
[    0.172613] x2apic enabled
[    0.173201] Switched APIC routing to physical x2apic.
[    0.174716] ..TIMER: vector=0x30 apic1=0 pin1=2 apic2=-1 pin2=-1
[    0.283585] smpboot: CPU0: Intel(R) Core(TM) i5-9400F CPU @ 2.90GHz (family: 0x6, model: 0x9e, stepping: 0xa)
[    0.285004] Performance Events: unsupported p6 CPU model 158 no PMU driver, software events only.
[    0.294369] KVM setup paravirtual spinlock
[    0.295595] x86: Booting SMP configuration:
[    0.296204] .... node  #0, CPUs:      #1
[    0.296851] kvm-clock: cpu 1, msr 0:3ffe3041, secondary cpu clock
[    0.308471] mce: CPU supports 0 MCE banks
[    0.310847] x86: Booted up 1 node, 2 CPUs
[    0.311573] smpboot: Total of 2 processors activated (11615.96 BogoMIPS)
[    0.312740] devtmpfs: initialized
[    0.314566] evm: security.selinux
[    0.315064] evm: security.SMACK64
[    0.315624] evm: security.SMACK64EXEC
[    0.316159] evm: security.SMACK64TRANSMUTE
[    0.316738] evm: security.SMACK64MMAP
[    0.317249] evm: security.ima
[    0.317702] evm: security.capability
[    0.318377] clocksource: jiffies: mask: 0xffffffff max_cycles: 0xffffffff, max_idle_ns: 7645041785100000 ns
[    0.319652] futex hash table entries: 512 (order: 3, 32768 bytes)
[    0.320516] pinctrl core: initialized pinctrl subsystem
[    0.321245] RTC time: 13:30:42, date: 10/16/20
[    0.322074] NET: Registered protocol family 16
[    0.335047] cpuidle: using governor ladder
[    0.346701] cpuidle: using governor menu
[    0.347349] PCCT header not found.
[    0.347936] ACPI: bus type PCI registered
[    0.348490] acpiphp: ACPI Hot Plug PCI Controller Driver version: 0.5
[    0.349318] PCI: Using configuration type 1 for base access
[    0.363498] ACPI: Added _OSI(Module Device)
[    0.364110] ACPI: Added _OSI(Processor Device)
[    0.364690] ACPI: Added _OSI(3.0 _SCP Extensions)
[    0.365290] ACPI: Added _OSI(Processor Aggregator Device)
[    0.366446] ACPI: Executed 1 blocks of module-level executable AML code
[    0.368667] ACPI: Interpreter enabled
[    0.369212] ACPI: (supports S0 S5)
[    0.369703] ACPI: Using IOAPIC for interrupt routing
[    0.370438] PCI: Using host bridge windows from ACPI; if necessary, use "pci=nocrs" and report a bug
[    0.374005] ACPI: PCI Root Bridge [PCI0] (domain 0000 [bus 00-ff])
[    0.374754] acpi PNP0A03:00: _OSC: OS supports [ASPM ClockPM Segments MSI]
[    0.375794] acpi PNP0A03:00: _OSC: not requesting OS control; OS requires [ExtendedConfig ASPM ClockPM MSI]
[    0.377003] acpi PNP0A03:00: fail to add MMCONFIG information, can't access extended PCI configuration space under this bridge.
[    0.378558] PCI host bridge to bus 0000:00
[    0.379185] pci_bus 0000:00: root bus resource [io  0x0000-0x0cf7 window]
[    0.380024] pci_bus 0000:00: root bus resource [io  0x0d00-0xffff window]
[    0.380834] pci_bus 0000:00: root bus resource [mem 0x000a0000-0x000bffff window]
[    0.381831] pci_bus 0000:00: root bus resource [mem 0x40000000-0xfdffffff window]
[    0.382842] pci_bus 0000:00: root bus resource [bus 00-ff]
[    0.384615] pci 0000:00:01.1: legacy IDE quirk: reg 0x10: [io  0x01f0-0x01f7]
[    0.385453] pci 0000:00:01.1: legacy IDE quirk: reg 0x14: [io  0x03f6]
[    0.386238] pci 0000:00:01.1: legacy IDE quirk: reg 0x18: [io  0x0170-0x0177]
[    0.393583] pci 0000:00:01.1: legacy IDE quirk: reg 0x1c: [io  0x0376]
[    0.402867] pci 0000:00:07.0: quirk: [io  0x4000-0x403f] claimed by PIIX4 ACPI
[    0.403898] pci 0000:00:07.0: quirk: [io  0x4100-0x410f] claimed by PIIX4 SMB
[    0.407697] ACPI: PCI Interrupt Link [LNKA] (IRQs 5 9 10 *11)
[    0.408927] ACPI: PCI Interrupt Link [LNKB] (IRQs 5 9 *10 11)
[    0.409931] ACPI: PCI Interrupt Link [LNKC] (IRQs 5 *9 10 11)
[    0.411062] ACPI: PCI Interrupt Link [LNKD] (IRQs 5 9 10 *11)
[    0.412184] ACPI: Enabled 2 GPEs in block 00 to 07
[    0.413073] vgaarb: setting as boot device: PCI:0000:00:02.0
[    0.413806] vgaarb: device added: PCI:0000:00:02.0,decodes=io+mem,owns=io+mem,locks=none
[    0.414874] vgaarb: loaded
[    0.415303] vgaarb: bridge control possible 0000:00:02.0
[    0.416146] SCSI subsystem initialized
[    0.416824] ACPI: bus type USB registered
[    0.417390] usbcore: registered new interface driver usbfs
[    0.418076] usbcore: registered new interface driver hub
[    0.418796] usbcore: registered new device driver usb
[    0.419647] PCI: Using ACPI for IRQ routing
[    0.420788] NetLabel: Initializing
[    0.421286] NetLabel:  domain hash size = 128
[    0.421858] NetLabel:  protocols = UNLABELED CIPSOv4
[    0.422507] NetLabel:  unlabeled traffic allowed by default
[    0.423355] amd_nb: Cannot enumerate AMD northbridges
[    0.424093] clocksource: Switched to clocksource kvm-clock
[    0.429170] AppArmor: AppArmor Filesystem Enabled
[    0.429864] pnp: PnP ACPI init
[    0.430827] pnp: PnP ACPI: found 3 devices
[    0.438792] clocksource: acpi_pm: mask: 0xffffff max_cycles: 0xffffff, max_idle_ns: 2085701024 ns
[    0.439984] NET: Registered protocol family 2
[    0.440760] TCP established hash table entries: 8192 (order: 4, 65536 bytes)
[    0.441582] TCP bind hash table entries: 8192 (order: 5, 131072 bytes)
[    0.442352] TCP: Hash tables configured (established 8192 bind 8192)
[    0.443137] UDP hash table entries: 512 (order: 2, 16384 bytes)
[    0.443905] UDP-Lite hash table entries: 512 (order: 2, 16384 bytes)
[    0.444693] NET: Registered protocol family 1
[    0.445270] pci 0000:00:00.0: Limiting direct PCI/PCI transfers
[    0.446017] pci 0000:00:01.0: Activating ISA DMA hang workarounds
[    0.446875] Unpacking initramfs...
[    0.605051] Freeing initrd memory: 14884K
[    0.605784] clocksource: tsc: mask: 0xffffffffffffffff max_cycles: 0x29dbfe32135, max_idle_ns: 440795254644 ns
[    0.607048] platform rtc_cmos: registered platform RTC device (no PNP device found)
[    0.608123] Scanning for low memory corruption every 60 seconds
[    0.609218] audit: initializing netlink subsys (disabled)
[    0.609929] audit: type=2000 audit(1602855047.564:1): initialized
[    0.610847] Initialise system trusted keyring
[    0.611543] HugeTLB registered 2 MB page size, pre-allocated 0 pages
[    0.613262] zbud: loaded
[    0.613913] VFS: Disk quotas dquot_6.6.0
[    0.614499] VFS: Dquot-cache hash table entries: 512 (order 0, 4096 bytes)
[    0.615505] squashfs: version 4.0 (2009/01/31) Phillip Lougher
[    0.616404] fuse init (API version 7.23)
[    0.617096] Key type big_key registered
[    0.617667] Allocating IMA MOK and blacklist keyrings.
[    0.618988] Key type asymmetric registered
[    0.619539] Asymmetric key parser 'x509' registered
[    0.620200] Block layer SCSI generic (bsg) driver version 0.4 loaded (major 249)
[    0.621200] io scheduler noop registered
[    0.621777] io scheduler deadline registered (default)
[    0.622434] io scheduler cfq registered
[    0.623035] pci_hotplug: PCI Hot Plug PCI Core version: 0.5
[    0.623737] pciehp: PCI Express Hot Plug Controller Driver version: 0.4
[    0.624635] ACPI: AC Adapter [AC] (on-line)
[    0.625231] input: Power Button as /devices/LNXSYSTM:00/LNXPWRBN:00/input/input0
[    0.626222] ACPI: Power Button [PWRF]
[    0.626789] input: Sleep Button as /devices/LNXSYSTM:00/LNXSLPBN:00/input/input1
[    0.627789] ACPI: Sleep Button [SLPF]
[    0.628490] GHES: HEST is not enabled!
[    0.629137] Serial: 8250/16550 driver, 32 ports, IRQ sharing enabled
[    0.650273] 00:02: ttyS0 at I/O 0x3f8 (irq = 4, base_baud = 115200) is a 16550A
[    0.653050] Linux agpgart interface v0.103
[    0.654752] loop: module loaded
[    0.655639] scsi host0: ata_piix
[    0.656391] scsi host1: ata_piix
[    0.656904] ata1: PATA max UDMA/33 cmd 0x1f0 ctl 0x3f6 bmdma 0xd000 irq 14
[    0.657725] ata2: PATA max UDMA/33 cmd 0x170 ctl 0x376 bmdma 0xd008 irq 15
[    0.658771] libphy: Fixed MDIO Bus: probed
[    0.659509] tun: Universal TUN/TAP device driver, 1.6
[    0.660193] tun: (C) 1999-2004 Max Krasnyansky <maxk@qualcomm.com>
[    0.661081] PPP generic driver version 2.4.2
[    0.661791] ehci_hcd: USB 2.0 'Enhanced' Host Controller (EHCI) Driver
[    0.662577] ehci-pci: EHCI PCI platform driver
[    0.663191] ehci-platform: EHCI generic platform driver
[    0.663879] ohci_hcd: USB 1.1 'Open' Host Controller (OHCI) Driver
[    0.664706] ohci-pci: OHCI PCI platform driver
[    0.665312] ohci-platform: OHCI generic platform driver
[    0.665983] uhci_hcd: USB Universal Host Controller Interface driver
[    0.666763] i8042: PNP: PS/2 Controller [PNP0303:PS2K,PNP0f03:PS2M] at 0x60,0x64 irq 1,12
[    0.668173] serio: i8042 KBD port at 0x60,0x64 irq 1
[    0.668818] serio: i8042 AUX port at 0x60,0x64 irq 12
[    0.669701] mousedev: PS/2 mouse device common for all mice
[    0.670668] input: AT Translated Set 2 keyboard as /devices/platform/i8042/serio0/input/input2
[    0.672094] rtc_cmos rtc_cmos: rtc core: registered rtc_cmos as rtc0
[    0.672894] rtc_cmos rtc_cmos: alarms up to one day, 114 bytes nvram
[    0.673645] i2c /dev entries driver
[    0.674163] device-mapper: uevent: version 1.0.3
[    0.674850] device-mapper: ioctl: 4.34.0-ioctl (2015-10-28) initialised: dm-devel@redhat.com
[    0.675966] ledtrig-cpu: registered to indicate activity on CPUs
[    0.677019] NET: Registered protocol family 10
[    0.677790] NET: Registered protocol family 17
[    0.678376] Key type dns_resolver registered
[    0.679338] registered taskstats version 1
[    0.679903] Loading compiled-in X.509 certificates
[    0.681015] Loaded X.509 cert 'Build time autogenerated kernel key: 399ad61e9457a71f6b31060684c17f14836880c9'
[    0.682262] zswap: loaded using pool lzo/zbud
[    0.684366] Key type trusted registered
[    0.687420] Key type encrypted registered
[    0.687989] AppArmor: AppArmor sha1 policy hashing enabled
[    0.688706] ima: No TPM chip found, activating TPM-bypass!
[    0.689403] ima: Allocated hash algorithm: sha1
[    0.690025] evm: HMAC attrs: 0x1
[    0.690875]   Magic number: 8:84:534
[    0.691384] tty ttyS14: hash matches
[    0.691981] rtc_cmos rtc_cmos: setting system clock to 2020-10-16 13:30:42 UTC (1602855042)
[    0.693220] BIOS EDD facility v0.16 2004-Jun-25, 0 devices found
[    0.693952] EDD information not available.
[    0.883734] Freeing unused kernel memory: 1492K
[    0.885693] Write protecting the kernel read-only data: 14336k
[    0.888705] Freeing unused kernel memory: 1588K
[    0.890376] Freeing unused kernel memory: 56K
Loading, please wait...
starting version 229
[    0.908499] random: systemd-udevd: uninitialized urandom read (16 bytes read, 1 bits of entropy available)
[    0.909204] random: udevadm: uninitialized urandom read (16 bytes read, 1 bits of entropy available)
[    0.909241] random: udevadm: uninitialized urandom read (16 bytes read, 1 bits of entropy available)
[    0.914135] random: systemd-udevd: uninitialized urandom read (16 bytes read, 1 bits of entropy available)
[    0.915825] random: systemd-udevd: uninitialized urandom read (16 bytes read, 1 bits of entropy available)
[    0.917558] random: systemd-udevd: uninitialized urandom read (16 bytes read, 1 bits of entropy available)
[    0.917698] random: udevadm: uninitialized urandom read (16 bytes read, 1 bits of entropy available)
[    0.917752] random: udevadm: uninitialized urandom read (16 bytes read, 1 bits of entropy available)
[    0.917907] random: udevadm: uninitialized urandom read (16 bytes read, 1 bits of entropy available)
[    0.917961] random: udevadm: uninitialized urandom read (16 bytes read, 1 bits of entropy available)
[    0.961199] e1000: Intel(R) PRO/1000 Network Driver - version 7.3.21-k8-NAPI
[    0.962090] e1000: Copyright (c) 1999-2006 Intel Corporation.
[    0.965450] Fusion MPT base driver 3.04.20
[    0.966046] Copyright (c) 1999-2008 LSI Corporation
[    0.976881] Fusion MPT SPI Host driver 3.04.20
[    1.169089] input: ImExPS/2 Generic Explorer Mouse as /devices/platform/i8042/serio1/input/input4
[    1.293888] e1000 0000:00:03.0 eth0: (PCI:33MHz:32-bit) 02:e9:98:4f:cb:36
[    1.294765] e1000 0000:00:03.0 eth0: Intel(R) PRO/1000 Network Connection
[    1.296155] mptbase: ioc0: Initiating bringup
[    1.296705] e1000 0000:00:03.0 enp0s3: renamed from eth0
[    1.368779] ioc0: LSI53C1030 A0: Capabilities={Initiator}
[    1.535234] scsi host2: ioc0: LSI53C1030 A0, FwRev=00000000h, Ports=1, MaxQ=256, IRQ=20
[    1.654603] scsi 2:0:0:0: Direct-Access     VBOX     HARDDISK         1.0  PQ: 0 ANSI: 5
[    1.660058] scsi target2:0:0: Beginning Domain Validation
[    1.666881] scsi target2:0:0: Domain Validation skipping write tests
[    1.670769] scsi target2:0:0: Ending Domain Validation
[    1.674236] scsi target2:0:0: asynchronous
[    1.678360] scsi 2:0:1:0: Direct-Access     VBOX     HARDDISK         1.0  PQ: 0 ANSI: 5
[    1.683111] scsi target2:0:1: Beginning Domain Validation
[    1.688089] scsi target2:0:1: Domain Validation skipping write tests
[    1.690472] scsi target2:0:1: Ending Domain Validation
[    1.692575] scsi target2:0:1: asynchronous
[    1.702106] sd 2:0:0:0: [sda] 20971520 512-byte logical blocks: (10.7 GB/10.0 GiB)
[    1.702473] sd 2:0:0:0: Attached scsi generic sg0 type 0
[    1.714611] sd 2:0:1:0: Attached scsi generic sg1 type 0
[    1.715505] sd 2:0:1:0: [sdb] 20480 512-byte logical blocks: (10.5 MB/10.0 MiB)
[    1.715921] sd 2:0:1:0: [sdb] Write Protect is off
[    1.716190] sd 2:0:1:0: [sdb] Incomplete mode parameter data
[    1.716192] sd 2:0:1:0: [sdb] Assuming drive cache: write through
[    1.718675] sd 2:0:1:0: [sdb] Attached SCSI disk
[    1.722980] sd 2:0:0:0: [sda] Write Protect is off
[    1.724315] sd 2:0:0:0: [sda] Incomplete mode parameter data
[    1.725437] sd 2:0:0:0: [sda] Assuming drive cache: write through
[    1.728390]  sda: sda1
[    1.729574] sd 2:0:0:0: [sda] Attached SCSI disk
Begin: Loading essential drivers ... [    3.076891] md: linear personality registered for level -1
[    3.079580] md: multipath personality registered for level -4
[    3.083116] md: raid0 personality registered for level 0
[    3.086284] md: raid1 personality registered for level 1
[    3.156123] raid6: sse2x1   gen() 14488 MB/s
[    3.224122] raid6: sse2x1   xor() 10123 MB/s
[    3.292124] raid6: sse2x2   gen() 17983 MB/s
[    3.360095] raid6: sse2x2   xor() 12122 MB/s
[    3.428121] raid6: sse2x4   gen() 20422 MB/s
[    3.496115] raid6: sse2x4   xor() 13242 MB/s
[    3.564107] raid6: avx2x1   gen() 24836 MB/s
[    3.632112] raid6: avx2x2   gen() 32856 MB/s
[    3.700105] raid6: avx2x4   gen() 36718 MB/s
[    3.700705] raid6: using algorithm avx2x4 gen() 36718 MB/s
[    3.701377] raid6: using avx2x2 recovery algorithm
[    3.702991] xor: automatically using best checksumming function:
[    3.771169]    avx       : 102247.000 MB/sec
[    3.772699] async_tx: api initialized (async)
[    3.780164] md: raid6 personality registered for level 6
[    3.780867] md: raid5 personality registered for level 5
[    3.781539] md: raid4 personality registered for level 4
[    3.786721] md: raid10 personality registered for level 10
done.
Begin: Running /scripts/init-premount ... done.
Begin: Mounting root file system ... Begin: Running /scripts/local-top ... done.
Begin: Running /scripts/local-premount ... [    3.808571] Btrfs loaded
Scanning for Btrfs filesystems
done.
Warning: fsck not present, so skipping root file system
[    3.829704] EXT4-fs (sda1): mounted filesystem with ordered data mode. Opts: (null)
done.
Begin: Running /scripts/local-bottom ... done.
Begin: Running /scripts/init-bottom ... done.
[    3.916174] systemd[1]: systemd 229 running in system mode. (+PAM +AUDIT +SELINUX +IMA +APPARMOR +SMACK +SYSVINIT +UTMP +LIBCRYPTSETUP +GCRYPT +GNUTLS +ACL +XZ -LZ4 +SECCOMP +BLKID +ELFUTILS +KMOD -IDN)
[    3.920253] systemd[1]: Detected virtualization oracle.
[    3.921467] systemd[1]: Detected architecture x86-64.

Welcome to [1mUbuntu 16.04.7 LTS[0m!

[    3.925057] systemd[1]: Set hostname to <ubuntu>.
[    3.928871] systemd[1]: Initializing machine ID from random generator.
[    3.930400] systemd[1]: Installed transient /etc/machine-id file.
[    4.050668] systemd[1]: Reached target User and Group Name Lookups.
[[0;32m  OK  [0m] Reached target User and Group Name Lookups.
[    4.052023] systemd[1]: Started Forward Password Requests to Wall Directory Watch.
[[0;32m  OK  [0m] Started Forward Password Requests to Wall Directory Watch.
[    4.053835] systemd[1]: Set up automount Arbitrary Executable File Formats File System Automount Point.
[[0;32m  OK  [0m] Set up automount Arbitrary Executab...ats File System Automount Point.
[    4.060175] systemd[1]: Reached target Swap.
[[0;32m  OK  [0m] Reached target Swap.
[    4.061198] systemd[1]: Listening on LVM2 poll daemon socket.
[[0;32m  OK  [0m] Listening on LVM2 poll daemon socket.
[    4.068631] systemd[1]: Listening on Device-mapper event daemon FIFOs.
[[0;32m  OK  [0m] Listening on Device-mapper event daemon FIFOs.
[    4.075822] systemd[1]: Listening on LVM2 metadata daemon socket.
[[0;32m  OK  [0m] Listening on LVM2 metadata daemon socket.
[    4.081992] systemd[1]: Listening on Syslog Socket.
[[0;32m  OK  [0m] Listening on Syslog Socket.
[    4.087238] systemd[1]: Reached target Encrypted Volumes.
[[0;32m  OK  [0m] Reached target Encrypted Volumes.
[    4.092890] systemd[1]: Listening on udev Control Socket.
[[0;32m  OK  [0m] Listening on udev Control Socket.
[    4.098332] systemd[1]: Listening on udev Kernel Socket.
[[0;32m  OK  [0m] Listening on udev Kernel Socket.
[    4.102749] systemd[1]: Created slice System Slice.
[[0;32m  OK  [0m] Created slice System Slice.
[    4.105658] systemd[1]: Listening on Journal Socket (/dev/log).
[[0;32m  OK  [0m] Listening on Journal Socket (/dev/log).
[    4.108703] systemd[1]: Started Trigger resolvconf update for networkd DNS.
[[0;32m  OK  [0m] Started Trigger resolvconf update for networkd DNS.
[    4.111649] systemd[1]: Listening on /dev/initctl Compatibility Named Pipe.
[[0;32m  OK  [0m] Listening on /dev/initctl Compatibility Named Pipe.
[    4.114376] systemd[1]: Listening on Journal Audit Socket.
[[0;32m  OK  [0m] Listening on Journal Audit Socket.
[    4.116633] systemd[1]: Created slice User and Session Slice.
[[0;32m  OK  [0m] Created slice User and Session Slice.
[    4.118547] systemd[1]: Reached target Slices.
[[0;32m  OK  [0m] Reached target Slices.
[    4.120593] systemd[1]: Created slice system-serial\x2dgetty.slice.
[[0;32m  OK  [0m] Created slice system-serial\x2dgetty.slice.
[    4.123805] systemd[1]: Listening on Journal Socket.
[[0;32m  OK  [0m] Listening on Journal Socket.
[    4.136296] systemd[1]: Starting Uncomplicated firewall...
         Starting Uncomplicated firewall...
[    4.138756] systemd[1]: Starting Load Kernel Modules...
         Starting Load Kernel Modules...
[    4.140891] systemd[1]: Starting Nameserver information manager...
         Starting Nameserver information manager...
[    4.142807] systemd[1]: Starting Create list of required static device nodes for the current kernel...
         Starting Create list of required st... nodes for the current kernel...
[    4.145411] Loading iSCSI transport class v2.0-870.
[    4.145741] systemd[1]: Starting Journal Service...
         Starting Journal Service...
[    4.148101] systemd[1]: Starting Monitoring of LVM2 mirrors, snapshots etc. using dmeventd or progress polling...
         Starting Monitoring of LVM2 mirrors... dmeventd or progress polling...
[    4.151446] systemd[1]: Starting Remount Root and Kernel File Systems...
         Starting Remount Root and Kernel File Systems...
[    4.153429] systemd[1]: Starting Set console keymap...
         Starting Set console keymap...
[    4.156393] systemd[1]: Mounting Debug File System...
[    4.157573] EXT4-fs (sda1): re-mounted. Opts: (null)
         Mounting Debug File System...
[    4.159289] systemd[1]: Mounting Huge Pages File System...
         Mounting Huge Pages File System...
[    4.161138] systemd[1]: Mounting POSIX Message Queue File System...
         Mounting POSIX Message Queue File System...
[    4.163025] systemd[1]: Reached target System Time Synchronized.
[[0;32m  OK  [0m] Reached target System Time Synchronized.
[    4.165702] systemd[1]: Mounted POSIX Message Queue File System.
[    4.166604] iscsi: registered transport (tcp)
[[0;32m  OK  [0m] Mounted POSIX Message Queue File System.
[    4.167781] systemd[1]: Mounted Huge Pages File System.
[[0;32m  OK  [0m] Mounted Huge Pages File System.
[    4.168969] systemd[1]: Mounted Debug File System.
[[0;32m  OK  [0m] Mounted Debug File System.
[    4.177252] systemd[1]: Started Uncomplicated firewall.
[[0;32m  OK  [0m] Started Uncomplicated firewall.
[    4.185714] iscsi: registered transport (iser)
[    4.200660] systemd[1]: Started Load Kernel Modules.
[[0;32m  OK  [0m] Started Load Kernel Modules.
[    4.202180] systemd[1]: Started Create list of required static device nodes for the current kernel.
[[0;32m  OK  [0m] Started Create list of required sta...ce nodes for the current kernel.
[    4.204344] systemd[1]: Started Remount Root and Kernel File Systems.
[[0;32m  OK  [0m] Started Remount Root and Kernel File Systems.
[    4.206220] systemd[1]: Started Set console keymap.
[[0;32m  OK  [0m] Started Set console keymap.
[    4.207815] systemd[1]: Started Nameserver information manager.
[[0;32m  OK  [0m] Started Nameserver information manager.
[    4.210491] systemd[1]: Started Journal Service.
[[0;32m  OK  [0m] Started Journal Service.
[[0;32m  OK  [0m] Started LVM2 metadata daemon.
         Starting Flush Journal to Persistent Storage...
         Starting Load/Save Random Seed...
         Starting udev Coldplug all Devices...
         Starting Create Static Device Nodes in /dev...
         Starting Apply Kernel Variables...
         Mounting FUSE Control File System...
[[0;32m  OK  [0m] Mounted FUSE Control File System.
[[0;32m  OK  [0m] Started Load/Save Random Seed.
[[0;32m  OK  [0m] Started Apply Kernel Variables.
[[0;32m  OK  [0m] Started Flush Journal to Persistent Storage.
[[0;32m  OK  [0m] Started Create Static Device Nodes in /dev.
         Starting udev Kernel Device Manager...
[[0;32m  OK  [0m] Started udev Kernel Device Manager.
[[0;32m  OK  [0m] Started udev Coldplug all Devices.
[[0;32m  OK  [0m] Started Dispatch Password Requests to Console Directory Watch.
[[0;32m  OK  [0m] Found device /dev/ttyS0.
[[0;32m  OK  [0m] Listening on Load/Save RF Kill Switch Status /dev/rfkill Watch.
[[0;32m  OK  [0m] Started Monitoring of LVM2 mirrors,...ng dmeventd or progress polling.
[[0;32m  OK  [0m] Reached target Local File Systems (Pre).
[[0;32m  OK  [0m] Reached target Local File Systems.
         Starting Commit a transient machine-id on disk...
         Starting LSB: AppArmor initialization...
         Starting Set console font and keymap...
         Starting Tell Plymouth To Write Out Runtime Data...
         Starting Initial cloud-init job (pre-networking)...
         Starting Create Volatile Files and Directories...
[[0;32m  OK  [0m] Started Commit a transient machine-id on disk.
[[0;32m  OK  [0m] Started Create Volatile Files and Directories.
         Starting Update UTMP about System Boot/Shutdown...
[[0;32m  OK  [0m] Started Update UTMP about System Boot/Shutdown.
[[0;32m  OK  [0m] Started Tell Plymouth To Write Out Runtime Data.
[[0;32m  OK  [0m] Started Set console font and keymap.
[[0;32m  OK  [0m] Created slice system-getty.slice.
[[0;32m  OK  [0m] Started LSB: AppArmor initialization.
         Starting Load AppArmor profiles managed internally by snapd...
[[0;32m  OK  [0m] Started Load AppArmor profiles managed internally by snapd.
[    5.198595] cloud-init[596]: Cloud-init v. 20.3-2-g371b392c-0ubuntu1~16.04.1 running 'init-local' at Fri, 16 Oct 2020 13:30:46 +0000. Up 5.00 seconds.
[[0;32m  OK  [0m] Started Initial cloud-init job (pre-networking).
[[0;32m  OK  [0m] Reached target Network (Pre).
         Starting Raise network interfaces...
[[0;32m  OK  [0m] Started Raise network interfaces.
[[0;32m  OK  [0m] Reached target Network.
         Starting Initial cloud-init job (metadata service crawler)...
[    6.065331] cloud-init[937]: Cloud-init v. 20.3-2-g371b392c-0ubuntu1~16.04.1 running 'init' at Fri, 16 Oct 2020 13:30:47 +0000. Up 5.59 seconds.
[    6.066404] cloud-init[937]: ci-info: ++++++++++++++++++++++++++++++++++++++Net device info++++++++++++++++++++++++++++++++++++++
[    6.067386] cloud-init[937]: ci-info: +--------+------+----------------------------+---------------+--------+-------------------+
[    6.069091] cloud-init[937]: ci-info: | Device |  Up  |          Address           |      Mask     | Scope  |     Hw-Address    |
[    6.070794] cloud-init[937]: ci-info: +--------+------+----------------------------+---------------+--------+-------------------+
[    6.071911] cloud-init[937]: ci-info: | enp0s3 | True |         10.0.2.15          | 255.255.255.0 | global | 02:e9:98:4f:cb:36 |
[    6.072746] cloud-init[937]: ci-info: | enp0s3 | True | fe80::e9:98ff:fe4f:cb36/64 |       .       |  link  | 02:e9:98:4f:cb:36 |
[    6.073869] cloud-init[937]: ci-info: |   lo   | True |         127.0.0.1          |   255.0.0.0   |  host  |         .         |
[    6.074993] cloud-init[937]: ci-info: |   lo   | True |          ::1/128           |       .       |  host  |         .         |
[    6.076133] cloud-init[937]: ci-info: +--------+------+----------------------------+---------------+--------+-------------------+
[    6.077258] cloud-init[937]: ci-info: +++++++++++++++++++++++++++Route IPv4 info++++++++++++++++++++++++++++
[    6.078253] cloud-init[937]: ci-info: +-------+-------------+----------+---------------+-----------+-------+
[    6.079248] cloud-init[937]: ci-info: | Route | Destination | Gateway  |    Genmask    | Interface | Flags |
[    6.080266] cloud-init[937]: ci-info: +-------+-------------+----------+---------------+-----------+-------+
[    6.081264] cloud-init[937]: ci-info: |   0   |   0.0.0.0   | 10.0.2.2 |    0.0.0.0    |   enp0s3  |   UG  |
[    6.082261] cloud-init[937]: ci-info: |   1   |   10.0.2.0  | 0.0.0.0  | 255.255.255.0 |   enp0s3  |   U   |
[    6.083261] cloud-init[937]: ci-info: +-------+-------------+----------+---------------+-----------+-------+
[    6.084266] cloud-init[937]: ci-info: +++++++++++++++++++Route IPv6 info+++++++++++++++++++
[    6.085158] cloud-init[937]: ci-info: +-------+-------------+---------+-----------+-------+
[    6.086051] cloud-init[937]: ci-info: | Route | Destination | Gateway | Interface | Flags |
[    6.086938] cloud-init[937]: ci-info: +-------+-------------+---------+-----------+-------+
[    6.087835] cloud-init[937]: ci-info: |   0   |  fe80::/64  |    ::   |   enp0s3  |   U   |
[    6.088759] cloud-init[937]: ci-info: |   3   |   ff00::/8  |    ::   |   enp0s3  |   U   |
[    6.089650] cloud-init[937]: ci-info: +-------+-------------+---------+-----------+-------+
[    6.090554] cloud-init[937]: Generating public/private rsa key pair.
[    6.091324] cloud-init[937]: Your identification has been saved in /etc/ssh/ssh_host_rsa_key.
[    6.092246] cloud-init[937]: Your public key has been saved in /etc/ssh/ssh_host_rsa_key.pub.
[    6.093152] cloud-init[937]: The key fingerprint is:
[    6.093820] cloud-init[937]: SHA256:yyBy4+RhTmcHLqVmcVl0wAoVHVUGmsfevUL2ZCWBllQ root@ubuntu-xenial
[    6.094750] cloud-init[937]: The key's randomart image is:
[    6.095548] cloud-init[[0;32m  OK  [0m] Started Initial cloud-init job (metadata service crawler).
[[0;32m  OK  [0m] Reached target Cloud-config availability.
[[0;32m  OK  [0m] Reached target System Initialization.
[[0;32m  OK  [0m] Listening on UUID daemon activation socket.
[[0;32m  OK  [0m] Listening on ACPID Listen Socket.
[[0;32m  OK  [0m] Started Message of the Day.
         Starting Socket activation for snappy daemon.
[937]: +---[RSA 2048]----+
[    6.098960]          cloud-initStarting LXD - unix socket.[937]: 
|     .o==+++++E  |
[    6.099608] cloud-init[937]: |    .  oo= .+  . |
[    6.100046] [[0;32m  OK  [0m] Started ACPI Events Check.
[[0;32m  OK  [0m] Reached target Paths.
[[0;32m  OK  [0m] Listening on D-Bus System Message Bus Socket.
[[0;32m  OK  [0m] Started Daily apt download activities.
[[0;32m  OK  [0m] Started Daily apt upgrade and clean activities.
[[0;32m  OK  [0m] Started Daily Cleanup of Temporary Directories.
[[0;32m  OK  [0m] Reached target Timers.
[[0;32m  OK  [0m] Reached target Network is Online.
cloud-init[937]: |    ..=.o o.  . .|
[    6.103296] cloud-init[937]: |     *.. o . . o |
[    6.103692] cloud-init[937]: |  . & = S . + +  |
[    6.104117] cloud-init[937]: |   % B + . o + . |
[    6.104570] cloud-init[937]: |    +   o   . o  |
[    6.104986] cloud-init[937]: |             .   |
[    6.105404] cloud-init[937]: |                 |
[    6.105815] cloud-init[937]: +----[SHA256]-----+
[    6.106223] cloud-init[937]: Generating public/private dsa key pair.
[    6.106754] cloud-init[937]: Your identification has been saved in /etc/ssh/ssh_host_dsa_key.
[    6.107434] cloud-init[937]: Your public key has been saved in /etc/ssh/ssh_host_dsa_key.pub.
[    6.108167] cloud-init[937]: The key fingerprint is:
[    6.108609] cloud-init[937]: SHA256:ZDbwCxU3AFZr/UEaimDkPL/c/N10ywltO96g0qibK/I root@ubuntu-xenial
[    6.109312] cloud-init[937]: The key's randomart image is:
[    6.109781] cloud-init[937]: +---[DSA 1024]----+
[    6.110195] cloud-init[937]: |   .+ +o=o+ .    |
[    6.110611] cloud-init[937]: |   + o = = =     |
[    6.111024] cloud-init[937]: |    + o X o .    |
[    6.119797]          Starting iSCSI initiator daemon (iscsid)...
cloud-init[[0;32m  OK  [0m] Listening on Socket activation for snappy daemon.
[[0;32m  OK  [0m] Listening on LXD - unix socket.
[[0;32m  OK  [0m] Reached target Sockets.
[[0;32m  OK  [0m] Reached target Basic System.
[937]: |     o * o . .   |[[0;32m  OK  [0m] Started FUSE filesystem for LXC.

[    6.122271] cloud-init[937]: |      . S   .    |
[[0;32m  OK  [0m] Started Regular background program processing daemon.
[    6.123088] cloud-init[937]: |     . +      .  |
[    6.124964]          Starting Login Service...
cloud-init[937]: |      o o  o .oo.|         Starting System Logging Service...
         Starting Virtualbox guest utils...
         Starting LSB: MD monitoring daemon...

         Starting LSB: Record successful boot for GRUB...
         Starting Accounts Service...
[    6.129713] cloud-init[937]: |    . .  oo..+++=|
[[0;32m  OK  [0m] Started ACPI event daemon.
         Starting /etc/rc.local Compatibility...
[    6.137622] cloud-init[937]: |     oE.=+..o o*o|
[    6.145840]          Starting Pollinate to seed the pseudo random number generator...
[[0;32m  OK  [0m] Started D-Bus System Message Bus.
cloud-init[937]: +----[SHA256]-----+
[    6.147753] cloud-init[937]: Generating public/private ecdsa key pair.
[    6.149105] cloud-init[937]: Your identification has been saved in /etc/ssh/ssh_host_ecdsa_key.
[    6.150531] cloud-init[937]: Your public key has been saved in /etc/ssh/ssh_host_ecdsa_key.pub.
[    6.151433] cloud-init[937]: The key fingerprint is:
[    6.152446] cloud-init[937]: SHA256:w9S3L9Sg/uW8cMO2uKuK1DyOnklmFh4CR3Xt53Jsky0 root@ubuntu-xenial
[    6.153565] cloud-init[937]: The key's randomart image is:
[    6.160224] cloud-init[937]: +---[ECDSA 256]---+
[    6.160856] cloud-init[937]: |    ... ..       |
[    6.161405] cloud-init[937]: |   .   . ..      |
[    6.161950] cloud-init[937]: |  . .   ... o    |
[    6.162540] cloud-init[937]: |   o   o  .o.+   |
[    6.163068] cloud-init[937]: |    . o S .+oo.  |
[    6.163555] cloud-init[937]: |     o = o..Eo.  |
[    6.164008] cloud-init[937]: |      B + .+ooB  |
[    6.164451] cloud-init[937]: |     * * . . X o |
[    6.164916] cloud-init[937]: |     .* o...=o=. |
[    6.165420] cloud-init[937]: +----[SHA256]-----+
[    6.166396] cloud-init[937]: Generating public/private ed25519 key pair.
[    6.167239] cloud-init[937]: Your identification has been saved in /etc/ssh/ssh_host_ed25519_key.
[    6.167953] cloud-init[937]: Your public key has been saved in /etc/ssh/ssh_host_ed25519_key.pub.
[    6.168581] cloud-init[937]: The key fingerprint is:
[    6.169356] cloud-init[937]: SHA256:lfJTGX0w9qREw1/GMG40b1fxy6xZCIeVxHf5PX9F/So root@ubuntu-xenial
[    6.169987] cloud-init[937]: The key's randomart image is:
[    6.171176] cloud-init[937]: +--[ED25519 256]--+
[    6.171814] cloud-init[937]: |            +*&=*|
[    6.172556] cloud-init[937]: |           .oXo%@|
[    6.173507] cloud-init[937]: |        . ooo.==%|
[    6.174422] cloud-init[937]: |         + .o.+oO|
[    6.175066] cloud-init[937]: |        S o  . *+|
[    6.175670] cloud-init[937]: |           .E = o|
[    6.176894] cloud-init[937]: |             +  .|
[    6.177602] cloud-init[937]: |                 |
         Starting Snap Daemon...
[    6.180766] [[0;32m  OK  [0m] Started Deferred execution scheduler.
cloud-init[937]: |                 |
         Starting LXD - container startup/shutdown...
[    6.181912] cloud-init[937]: +----[SHA256]-----+
[[0;32m  OK  [0m] Started System Logging Service.
[[0;32m  OK  [0m] Started iSCSI initiator daemon (iscsid).
[[0;32m  OK  [0m] Started /etc/rc.local Compatibility.
         Starting Authenticate and Authorize Users to Run Privileged Tasks...
         Starting Login to default iSCSI targets...
[[0;32m  OK  [0m] Started Login Service.
[[0;32m  OK  [0m] Started Unattended Upgrades Shutdown.
[[0;32m  OK  [0m] Started LSB: MD monitoring daemon.
[[0;32m  OK  [0m] Started LSB: Record successful boot for GRUB.
[[0;32m  OK  [0m] Started Authenticate and Authorize Users to Run Privileged Tasks.
[[0;32m  OK  [0m] Started Accounts Service.
[[0;32m  OK  [0m] Started Login to default iSCSI targets.
[[0;32m  OK  [0m] Reached target Remote File Systems (Pre).
[[0;32m  OK  [0m] Reached target Remote File Systems.
         Starting LSB: Set the CPU Frequency Scaling governor to "ondemand"...
         Starting LSB: automatic crash report generation...
         Starting Permit User Sessions...
         Starting LSB: daemon to balance interrupts for SMP systems...
[[0;32m  OK  [0m] Started Permit User Sessions.
         Starting Hold until boot process finishes up...
         Starting Terminate Plymouth Boot Screen...
[[0;32m  OK  [0m] Started Hold until boot process finishes up.
[[0;32m  OK  [0m] Started Serial Getty on ttyS0.
         Starting Set console scheme...
[[0;32m  OK  [0m] Started Getty on tty1.
[[0;32m  OK  [0m] Reached target Login Prompts.
[[0;32m  OK  [0m] Started Set console scheme.
[[0;32m  OK  [0m] Started Virtualbox guest utils.
[[0;32m  OK  [0m] Started LSB: Set the CPU Frequency Scaling governor to "ondemand".
[[0;32m  OK  [0m] Started Terminate Plymouth Boot Screen.
[[0;32m  OK  [0m] Started LSB: automatic crash report generation.
[[0;32m  OK  [0m] Started LSB: daemon to balance interrupts for SMP systems.
[[0;32m  OK  [0m] Started LXD - container startup/shutdown.
[[0;32m  OK  [0m] Started Snap Daemon.
         Starting Wait until snapd is fully seeded...
[[0;32m  OK  [0m] Started Pollinate to seed the pseudo random number generator.
         Starting OpenBSD Secure Shell server...
[[0;32m  OK  [0m] Started OpenBSD Secure Shell server.
[[0;32m  OK  [0m] Started Wait until snapd is fully seeded.
[[0;32m  OK  [0m] Reached target Multi-User System.
[[0;32m  OK  [0m] Reached target Graphical Interface.
         Starting Update UTMP about System Runlevel Changes...
         Starting Apply the settings specified in cloud-config...
[[0;32m  OK  [0m] Started Update UTMP about System Runlevel Changes.
[    7.311472] cloud-init[1290]: Generating locales (this might take a while)...
[    7.778394] cloud-init[1290]:   en_US.UTF-8... done
[    7.778986] cloud-init[1290]: Generation complete.
[    7.989004] cloud-init[1290]: Cloud-init v. 20.3-2-g371b392c-0ubuntu1~16.04.1 running 'modules:config' at Fri, 16 Oct 2020 13:30:49 +0000. Up 7.24 seconds.
[[0;32m  OK  [0m] Started Apply the settings specified in cloud-config.
         Starting Execute cloud user/final scripts...
ci-info: no authorized SSH keys fingerprints found for user ubuntu.
<14>Oct 16 13:30:50 ec2: 
<14>Oct 16 13:30:50 ec2: #############################################################
<14>Oct 16 13:30:50 ec2: -----BEGIN SSH HOST KEY FINGERPRINTS-----
<14>Oct 16 13:30:50 ec2: 1024 SHA256:ZDbwCxU3AFZr/UEaimDkPL/c/N10ywltO96g0qibK/I root@ubuntu-xenial (DSA)
<14>Oct 16 13:30:50 ec2: 256 SHA256:w9S3L9Sg/uW8cMO2uKuK1DyOnklmFh4CR3Xt53Jsky0 root@ubuntu-xenial (ECDSA)
<14>Oct 16 13:30:50 ec2: 256 SHA256:lfJTGX0w9qREw1/GMG40b1fxy6xZCIeVxHf5PX9F/So root@ubuntu-xenial (ED25519)
<14>Oct 16 13:30:50 ec2: 2048 SHA256:yyBy4+RhTmcHLqVmcVl0wAoVHVUGmsfevUL2ZCWBllQ root@ubuntu-xenial (RSA)
<14>Oct 16 13:30:50 ec2: -----END SSH HOST KEY FINGERPRINTS-----
<14>Oct 16 13:30:50 ec2: #############################################################
-----BEGIN SSH HOST KEY KEYS-----
ecdsa-sha2-nistp256 AAAAE2VjZHNhLXNoYTItbmlzdHAyNTYAAAAIbmlzdHAyNTYAAABBBBr8llfAgtbVKCNWZ7VOlTpmfxv1o5jJ7n9+Ff+omuk+uPpeReZCRRMsJTQWG8Xlbm29/6YYXc4lCF+XT2zFH2I= root@ubuntu-xenial
ssh-ed25519 AAAAC3NzaC1lZDI1NTE5AAAAIDsIfeq3Fa2iYIHp6HcK8iuqNyL8JSDdS4pmkdFSiVg2 root@ubuntu-xenial
ssh-rsa AAAAB3NzaC1yc2EAAAADAQABAAABAQC1EZM5S1dh5RcOD0MADk1hBVtLkJ36KINooXwPX1CiH7XKPCC1x5VgF09n3hOP6pRwBMNQEpQ2RskdCl+ZJsWTI6BZ0vcz9Pq6UOE9xnnLHkbCdemh0+8tOBoCvr3+O8AnA3ZoG7O7RUEFOV8mnJxgK5n/WPihPOpiSFfOpBV82UISaSEwuxfXUibey7009vVRWlW67mbWWAegcntk8F3S/4KyHMGternHrOgL5hFbP1tpwhekGf5gbTAG00cKMgH9ERrdX7TEgGOZCJoizTW6j30L+Pn3We9ireltDETE+Mri8vm8F5zr3ofU7smd1gD7nkXY4k11Tr3rav26F3Kv root@ubuntu-xenial
-----END SSH HOST KEY KEYS-----
[    8.283672] cloud-init[1334]: Cloud-init v. 20.3-2-g371b392c-0ubuntu1~16.04.1 running 'modules:final' at Fri, 16 Oct 2020 13:30:50 +0000. Up 8.19 seconds.
[    8.284829] cloud-init[1334]: ci-info: no authorized SSH keys fingerprints found for user ubuntu.
[    8.300070] cloud-init[1334]: Cloud-init v. 20.3-2-g371b392c-0ubuntu1~16.04.1 finished at Fri, 16 Oct 2020 13:30:50 +0000. Datasource DataSourceNoCloud [seed=/dev/sdb][dsmode=net].  Up 8.27 seconds
[[0;32m  OK  [0m] Started Execute cloud user/final scripts.
[[0;32m  OK  [0m] Reached target Cloud-init target.

Ubuntu 16.04.7 LTS ubuntu-xenial ttyS0

ubuntu-xenial login: 